[INFO] Scanning for projects...
[INFO] 
[INFO] -----------------------< com.wello:wellobackend >-----------------------
[INFO] Building WelloBackend 0.0.1-SNAPSHOT
[INFO]   from pom.xml
[INFO] --------------------------------[ jar ]---------------------------------
[INFO] 
[INFO] --- resources:3.3.1:resources (default-resources) @ wellobackend ---
[INFO] Copying 1 resource from src\main\resources to target\classes
[INFO] Copying 0 resource from src\main\resources to target\classes
[INFO] 
[INFO] --- compiler:3.14.0:compile (default-compile) @ wellobackend ---
[INFO] Recompiling the module because of changed source code.
[INFO] Compiling 133 source files with javac [debug parameters release 21] to target\classes
[INFO] Annotation processing is enabled because one or more processors were found
  on the class path. A future release of javac may disable annotation processing
  unless at least one processor is specified by name (-processor), or a search
  path is specified (--processor-path, --processor-module-path), or annotation
  processing is enabled explicitly (-proc:only, -proc:full).
  Use -Xlint:-options to suppress this message.
  Use -proc:none to disable annotation processing.
[WARNING] /C:/TrungDoanDayNe/TieuLuanChuyenNganh/wello_backend/src/main/java/com/wello/wellobackend/model/WorkoutTracker.java:[16,1] Generating equals/hashCode implementation but without a call to superclass, even though this class does not extend java.lang.Object. If this is intentional, add '@EqualsAndHashCode(callSuper=false)' to your type.
[WARNING] /C:/TrungDoanDayNe/TieuLuanChuyenNganh/wello_backend/src/main/java/com/wello/wellobackend/model/WaterTracker.java:[8,1] Generating equals/hashCode implementation but without a call to superclass, even though this class does not extend java.lang.Object. If this is intentional, add '@EqualsAndHashCode(callSuper=false)' to your type.
[WARNING] /C:/TrungDoanDayNe/TieuLuanChuyenNganh/wello_backend/src/main/java/com/wello/wellobackend/model/NutritionTracker.java:[9,1] Generating equals/hashCode implementation but without a call to superclass, even though this class does not extend java.lang.Object. If this is intentional, add '@EqualsAndHashCode(callSuper=false)' to your type.
[INFO] /C:/TrungDoanDayNe/TieuLuanChuyenNganh/wello_backend/src/main/java/com/wello/wellobackend/config/FirebaseConfig.java: C:\TrungDoanDayNe\TieuLuanChuyenNganh\wello_backend\src\main\java\com\wello\wellobackend\config\FirebaseConfig.java uses or overrides a deprecated API.
[INFO] /C:/TrungDoanDayNe/TieuLuanChuyenNganh/wello_backend/src/main/java/com/wello/wellobackend/config/FirebaseConfig.java: Recompile with -Xlint:deprecation for details.
[INFO] ------------------------------------------------------------------------
[INFO] BUILD SUCCESS
[INFO] ------------------------------------------------------------------------
[INFO] Total time:  16.577 s
[INFO] Finished at: 2025-12-25T13:17:20+07:00
[INFO] ------------------------------------------------------------------------
